+ still hafen_1  44 s
+ still hafen_2  48 s
+ still hafen_flehen  46 s
+ still hafen_kuss  48 s
+ still hafen_abfahrt  48 s
+ still sturm_1  48 s
+ still sturm_2  48 s
= still sturm_3 (vorhanden)
+ still sturm_ruf  46 s
+ still sturm_stern  46 s
+ still sturm_welle  46 s
+ still warten_1  46 s
+ still warten_gebet  46 s
+ still warten_weben  46 s
+ still traum_1  46 s
+ still traum_greifen  46 s
+ still traum_fragen  46 s
+ still traum_erwachen  46 s
+ still ufer_1  46 s
+ still ufer_erinnerung_kuss  46 s
+ still ufer_erinnerung_flehen  46 s
+ still ufer_koerper  46 s
+ still mole_1  46 s
+ still mole_sprung  46 s
+ still mole_flug  46 s
+ still mole_zwei  46 s
+ still finale_nest  46 s
+ still finale_nest_rot  46 s
+ still ende_ufer_1  46 s
+ still ende_ufer_2  44 s
fertig
