+ ende_ufer_1  128 s
+ ende_ufer_2  128 s
+ finale_nest  76 s
+ finale_nest_rot  128 s
+ hafen_1  75 s
+ hafen_2  75 s
+ hafen_abfahrt  76 s
+ hafen_flehen  75 s
+ hafen_kuss  76 s
+ hafen_rede  76 s
+ hafen_schwur  75 s
+ mole_1  76 s
+ mole_flug  128 s
+ mole_sprung  78 s
+ mole_zwei  128 s
= sturm_1 (schon scharf)
+ sturm_2  76 s
+ sturm_3  76 s
+ sturm_ruf  76 s
+ sturm_stern  76 s
+ sturm_welle  76 s
+ traum_1  128 s
+ traum_erwachen  128 s
+ traum_fragen  128 s
+ traum_greifen  75 s
+ ufer_1  128 s
+ ufer_erinnerung_flehen  128 s
+ ufer_erinnerung_kuss  128 s
+ ufer_koerper  76 s
+ warten_1  75 s
+ warten_gebet  128 s
+ warten_weben  130 s
fertig
